// Jest Snapshot v1, https://goo.gl/fbAQLP

exports[`<App /> should render and match the snapshot 1`] = `
<ForwardRef>
  <Adapter
    className="main"
  >
    <HelmetWrapper
      defaultTitle="A Pokémon Application"
      defer={true}
      encodeSpecialCharacters={true}
      titleTemplate="%s - SimplePokéApp"
    >
      <meta
        content="A Pokemon Application"
        name="description"
      />
    </HelmetWrapper>
    <RootRouter />
    <GlobalStyleComponent />
  </Adapter>
</ForwardRef>
`;
